Archive member included to satisfy reference by file (symbol)

c:/program files (x86)/atmel/studio/7.0/toolchain/avr8/avr8-gnu-toolchain/bin/../lib/gcc/avr/4.9.2/avrxmega7\libgcc.a(_udivmodhi4.o)
                              src/ASF/xmega/drivers/usb/usb_device.o (__udivmodhi4)
c:/program files (x86)/atmel/studio/7.0/toolchain/avr8/avr8-gnu-toolchain/bin/../lib/gcc/avr/4.9.2/avrxmega7\libgcc.a(_exit.o)
                              C:/Program Files (x86)/Atmel/Studio/7.0/Packs/atmel/XMEGAA_DFP/1.1.63/gcc/dev/atxmega128a4u/avrxmega7/crtatxmega128a4u.o (exit)
c:/program files (x86)/atmel/studio/7.0/toolchain/avr8/avr8-gnu-toolchain/bin/../lib/gcc/avr/4.9.2/avrxmega7\libgcc.a(_tablejump2.o)
                              src/ASF/xmega/drivers/usb/usb_device.o (__tablejump2__)
c:/program files (x86)/atmel/studio/7.0/toolchain/avr8/avr8-gnu-toolchain/bin/../lib/gcc/avr/4.9.2/avrxmega7\libgcc.a(_copy_data.o)
                              CommandDecoder.o (__do_copy_data)
c:/program files (x86)/atmel/studio/7.0/toolchain/avr8/avr8-gnu-toolchain/bin/../lib/gcc/avr/4.9.2/avrxmega7\libgcc.a(_clear_bss.o)
                              CommandDecoder.o (__do_clear_bss)
c:/program files (x86)/atmel/studio/7.0/toolchain/avr8/avr8-gnu-toolchain/bin/../lib/gcc/avr/4.9.2/../../../../avr/lib/avrxmega7\libc.a(memcpy.o)
                              src/ASF/common/services/usb/class/cdc/device/udi_cdc.o (memcpy)
c:/program files (x86)/atmel/studio/7.0/toolchain/avr8/avr8-gnu-toolchain/bin/../lib/gcc/avr/4.9.2/../../../../avr/lib/avrxmega7\libc.a(strcmp.o)
                              CommandDecoder.o (strcmp)
c:/program files (x86)/atmel/studio/7.0/toolchain/avr8/avr8-gnu-toolchain/bin/../lib/gcc/avr/4.9.2/../../../../avr/lib/avrxmega7\libc.a(iob.o)
                              main.o (__iob)
c:/program files (x86)/atmel/studio/7.0/toolchain/avr8/avr8-gnu-toolchain/bin/../lib/gcc/avr/4.9.2/../../../../avr/lib/avrxmega7\libc.a(printf.o)
                              CommandDecoder.o (printf)
c:/program files (x86)/atmel/studio/7.0/toolchain/avr8/avr8-gnu-toolchain/bin/../lib/gcc/avr/4.9.2/../../../../avr/lib/avrxmega7\libc.a(puts.o)
                              CommandDecoder.o (puts)
c:/program files (x86)/atmel/studio/7.0/toolchain/avr8/avr8-gnu-toolchain/bin/../lib/gcc/avr/4.9.2/../../../../avr/lib/avrxmega7\libc.a(vfprintf_std.o)
                              c:/program files (x86)/atmel/studio/7.0/toolchain/avr8/avr8-gnu-toolchain/bin/../lib/gcc/avr/4.9.2/../../../../avr/lib/avrxmega7\libc.a(printf.o) (vfprintf)
c:/program files (x86)/atmel/studio/7.0/toolchain/avr8/avr8-gnu-toolchain/bin/../lib/gcc/avr/4.9.2/../../../../avr/lib/avrxmega7\libc.a(strnlen_P.o)
                              c:/program files (x86)/atmel/studio/7.0/toolchain/avr8/avr8-gnu-toolchain/bin/../lib/gcc/avr/4.9.2/../../../../avr/lib/avrxmega7\libc.a(vfprintf_std.o) (strnlen_P)
c:/program files (x86)/atmel/studio/7.0/toolchain/avr8/avr8-gnu-toolchain/bin/../lib/gcc/avr/4.9.2/../../../../avr/lib/avrxmega7\libc.a(strnlen.o)
                              c:/program files (x86)/atmel/studio/7.0/toolchain/avr8/avr8-gnu-toolchain/bin/../lib/gcc/avr/4.9.2/../../../../avr/lib/avrxmega7\libc.a(vfprintf_std.o) (strnlen)
c:/program files (x86)/atmel/studio/7.0/toolchain/avr8/avr8-gnu-toolchain/bin/../lib/gcc/avr/4.9.2/../../../../avr/lib/avrxmega7\libc.a(fputc.o)
                              c:/program files (x86)/atmel/studio/7.0/toolchain/avr8/avr8-gnu-toolchain/bin/../lib/gcc/avr/4.9.2/../../../../avr/lib/avrxmega7\libc.a(vfprintf_std.o) (fputc)
c:/program files (x86)/atmel/studio/7.0/toolchain/avr8/avr8-gnu-toolchain/bin/../lib/gcc/avr/4.9.2/../../../../avr/lib/avrxmega7\libc.a(ultoa_invert.o)
                              c:/program files (x86)/atmel/studio/7.0/toolchain/avr8/avr8-gnu-toolchain/bin/../lib/gcc/avr/4.9.2/../../../../avr/lib/avrxmega7\libc.a(vfprintf_std.o) (__ultoa_invert)

Allocating common symbols
Common symbol       size              file

WriteBuffer         0x100             main.o
ReadBuffer          0x100             main.o
_args               0x20              CommandDecoder.o
_command            0x8               CommandDecoder.o
udd_g_ctrlreq       0x10              src/ASF/xmega/drivers/usb/usb_device.o
sleepmgr_locks      0x6               src/ASF/common/services/sleepmgr/xmega/sleepmgr.o
_cmdModifier        0x1               CommandDecoder.o
__iob               0x6               c:/program files (x86)/atmel/studio/7.0/toolchain/avr8/avr8-gnu-toolchain/bin/../lib/gcc/avr/4.9.2/../../../../avr/lib/avrxmega7\libc.a(iob.o)

Discarded input sections

 .data          0x00000000        0x0 C:/Program Files (x86)/Atmel/Studio/7.0/Packs/atmel/XMEGAA_DFP/1.1.63/gcc/dev/atxmega128a4u/avrxmega7/crtatxmega128a4u.o
 .bss           0x00000000        0x0 C:/Program Files (x86)/Atmel/Studio/7.0/Packs/atmel/XMEGAA_DFP/1.1.63/gcc/dev/atxmega128a4u/avrxmega7/crtatxmega128a4u.o
[...]
Memory Configuration

Name             Origin             Length             Attributes
text             0x00000000         0x00100000         xr
data             0x00802000         0x0000ffa0         rw !x
eeprom           0x00810000         0x00010000         rw !x
fuse             0x00820000         0x00000006         rw !x
lock             0x00830000         0x00000400         rw !x
signature        0x00840000         0x00000400         rw !x
user_signatures  0x00850000         0x00000400         rw !x
*default*        0x00000000         0xffffffff

Linker script and memory map

LOAD C:/Program Files (x86)/Atmel/Studio/7.0/Packs/atmel/XMEGAA_DFP/1.1.63/gcc/dev/atxmega128a4u/avrxmega7/crtatxmega128a4u.o
LOAD CommandDecoder.o
LOAD main.o
LOAD Oven.o
LOAD sp_driver.o
LOAD sp_drivers.o
LOAD src/ASF/common/services/usb/class/cdc/device/udi_cdc.o
LOAD src/ASF/common/services/usb/udc/udc.o
LOAD src/ASF/xmega/drivers/usb/usb_device.o
LOAD src/ASF/common/services/usb/class/cdc/device/udi_cdc_desc.o
LOAD src/ASF/common/services/sleepmgr/xmega/sleepmgr.o
LOAD src/ASF/common/services/clock/xmega/sysclk.o
LOAD src/ASF/xmega/drivers/nvm/nvm.o
LOAD src/ASF/xmega/drivers/nvm/nvm_asm.o
LOAD src/ASF/xmega/drivers/cpu/ccp.o
LOAD src/ASF/common/boards/user_board/init.o
START GROUP
LOAD c:/program files (x86)/atmel/studio/7.0/toolchain/avr8/avr8-gnu-toolchain/bin/../lib/gcc/avr/4.9.2/../../../../avr/lib/avrxmega7\libm.a
END GROUP
Address of section .BOOT set to 0x20000
START GROUP
LOAD c:/program files (x86)/atmel/studio/7.0/toolchain/avr8/avr8-gnu-toolchain/bin/../lib/gcc/avr/4.9.2/avrxmega7\libgcc.a
LOAD c:/program files (x86)/atmel/studio/7.0/toolchain/avr8/avr8-gnu-toolchain/bin/../lib/gcc/avr/4.9.2/../../../../avr/lib/avrxmega7\libm.a
LOAD c:/program files (x86)/atmel/studio/7.0/toolchain/avr8/avr8-gnu-toolchain/bin/../lib/gcc/avr/4.9.2/../../../../avr/lib/avrxmega7\libc.a
LOAD C:/Program Files (x86)/Atmel/Studio/7.0/Packs/atmel/XMEGAA_DFP/1.1.63/gcc/dev/atxmega128a4u/avrxmega7\libatxmega128a4u.a
END GROUP
                0x00100000                __TEXT_REGION_LENGTH__ = DEFINED (__TEXT_REGION_LENGTH__)?__TEXT_REGION_LENGTH__:0x100000
                0x0000ffa0                __DATA_REGION_LENGTH__ = DEFINED (__DATA_REGION_LENGTH__)?__DATA_REGION_LENGTH__:0xffa0
                0x00010000                __EEPROM_REGION_LENGTH__ = DEFINED (__EEPROM_REGION_LENGTH__)?__EEPROM_REGION_LENGTH__:0x10000
                [0x00000006]                __FUSE_REGION_LENGTH__ = DEFINED (__FUSE_REGION_LENGTH__)?__FUSE_REGION_LENGTH__:0x400
                0x00000400                __LOCK_REGION_LENGTH__ = DEFINED (__LOCK_REGION_LENGTH__)?__LOCK_REGION_LENGTH__:0x400
                0x00000400                __SIGNATURE_REGION_LENGTH__ = DEFINED (__SIGNATURE_REGION_LENGTH__)?__SIGNATURE_REGION_LENGTH__:0x400
                0x00000400                __USER_SIGNATURE_REGION_LENGTH__ = DEFINED (__USER_SIGNATURE_REGION_LENGTH__)?__USER_SIGNATURE_REGION_LENGTH__:0x400

.hash
 *(.hash)

.dynsym
 *(.dynsym)

.dynstr
 *(.dynstr)

.gnu.version
 *(.gnu.version)

.gnu.version_d
 *(.gnu.version_d)

.gnu.version_r
 *(.gnu.version_r)

.rel.init
 *(.rel.init)

.rela.init
 *(.rela.init)

.rel.text
 *(.rel.text)
 *(.rel.text.*)
 *(.rel.gnu.linkonce.t*)

.rela.text
 *(.rela.text)
 *(.rela.text.*)
 *(.rela.gnu.linkonce.t*)

.rel.fini
 *(.rel.fini)

.rela.fini
 *(.rela.fini)

.rel.rodata
 *(.rel.rodata)
 *(.rel.rodata.*)
 *(.rel.gnu.linkonce.r*)

.rela.rodata
 *(.rela.rodata)
 *(.rela.rodata.*)
 *(.rela.gnu.linkonce.r*)

.rel.data
 *(.rel.data)
 *(.rel.data.*)
 *(.rel.gnu.linkonce.d*)

.rela.data
 *(.rela.data)
 *(.rela.data.*)
 *(.rela.gnu.linkonce.d*)

.rel.ctors
 *(.rel.ctors)

.rela.ctors
 *(.rela.ctors)

.rel.dtors
 *(.rel.dtors)

.rela.dtors
 *(.rela.dtors)

.rel.got
 *(.rel.got)

.rela.got
 *(.rela.got)

.rel.bss
 *(.rel.bss)

.rela.bss
 *(.rela.bss)

.rel.plt
 *(.rel.plt)

.rela.plt
 *(.rela.plt)

.text           0x00000000     0x37a4
 *(.vectors)
 .vectors       0x00000000      0x1fc C:/Program Files (x86)/Atmel/Studio/7.0/Packs/atmel/XMEGAA_DFP/1.1.63/gcc/dev/atxmega128a4u/avrxmega7/crtatxmega128a4u.o
                0x00000000                __vector_default
                0x00000000                __vectors
 *(.vectors)
 *(.progmem.gcc*)
 .progmem.gcc_sw_table.udd_ep_get_size
                0x000001fc        0xe src/ASF/xmega/drivers/usb/usb_device.o
                0x0000020a                . = ALIGN (0x2)
                0x0000020a                __trampolines_start = .
 *(.trampolines)
 .trampolines   0x0000020a        0x0 linker stubs
 *(.trampolines*)
                0x0000020a                __trampolines_end = .
 *libprintf_flt.a:*(.progmem.data)
 *libc.a:*(.progmem.data)
 *(.progmem*)
                0x0000020a                . = ALIGN (0x2)
 *(.jumptables)
 *(.jumptables*)
 *(.lowtext)
 *(.lowtext*)
                0x0000020a                __ctors_start = .
 *(.ctors)
                0x0000020a                __ctors_end = .
                0x0000020a                __dtors_start = .
 *(.dtors)
                0x0000020a                __dtors_end = .
 SORT(*)(.ctors)
 SORT(*)(.dtors)
 *(.init0)
 .init0         0x0000020a        0x0 C:/Program Files (x86)/Atmel/Studio/7.0/Packs/atmel/XMEGAA_DFP/1.1.63/gcc/dev/atxmega128a4u/avrxmega7/crtatxmega128a4u.o
                0x0000020a                __init
 *(.init0)
 *(.init1)
 *(.init1)
 *(.init2)
 .init2         0x0000020a       0x18 C:/Program Files (x86)/Atmel/Studio/7.0/Packs/atmel/XMEGAA_DFP/1.1.63/gcc/dev/atxmega128a4u/avrxmega7/crtatxmega128a4u.o
 *(.init2)
 *(.init3)
 *(.init3)
 *(.init4)
 .init4         0x00000222       0x1c c:/program files (x86)/atmel/studio/7.0/toolchain/avr8/avr8-gnu-toolchain/bin/../lib/gcc/avr/4.9.2/avrxmega7\libgcc.a(_copy_data.o)
                0x00000222                __do_copy_data
 .init4         0x0000023e       0x10 c:/program files (x86)/atmel/studio/7.0/toolchain/avr8/avr8-gnu-toolchain/bin/../lib/gcc/avr/4.9.2/avrxmega7\libgcc.a(_clear_bss.o)
                0x0000023e                __do_clear_bss
 *(.init4)
 *(.init5)
 *(.init5)
 *(.init6)
 *(.init6)
 *(.init7)
 *(.init7)
 *(.init8)
 *(.init8)
 *(.init9)
 .init9         0x0000024e        0x6 C:/Program Files (x86)/Atmel/Studio/7.0/Packs/atmel/XMEGAA_DFP/1.1.63/gcc/dev/atxmega128a4u/avrxmega7/crtatxmega128a4u.o
 *(.init9)
 *(.text)
 .text          0x00000254        0x2 C:/Program Files (x86)/Atmel/Studio/7.0/Packs/atmel/XMEGAA_DFP/1.1.63/gcc/dev/atxmega128a4u/avrxmega7/crtatxmega128a4u.o
                0x00000254                __vector_38
                0x00000254                __vector_104
                0x00000254                __vector_22
                0x00000254                __vector_63
                0x00000254                __vector_28
                0x00000254                __vector_67
                0x00000254                __vector_1
                0x00000254                __vector_119
                0x00000254                __vector_32
                0x00000254                __vector_75
                0x00000254                __vector_71
                0x00000254                __vector_91
                0x00000254                __vector_34
                0x00000254                __vector_62
                0x00000254                __vector_77
                0x00000254                __vector_102
                0x00000254                __vector_24
                0x00000254                __vector_12
                0x00000254                __vector_55
                0x00000254                __vector_69
                0x00000254                __vector_81
                0x00000254                __vector_90
                0x00000254                __vector_46
                0x00000254                __bad_interrupt
                0x00000254                __vector_122
                0x00000254                __vector_72
                0x00000254                __vector_114
                0x00000254                __vector_6
                0x00000254                __vector_110
                0x00000254                __vector_31
                0x00000254                __vector_92
                0x00000254                __vector_35
                0x00000254                __vector_78
                0x00000254                __vector_74
                0x00000254                __vector_117
                0x00000254                __vector_39
                0x00000254                __vector_107
                0x00000254                __vector_3
                0x00000254                __vector_105
                0x00000254                __vector_98
                0x00000254                __vector_23
                0x00000254                __vector_68
                0x00000254                __vector_30
                0x00000254                __vector_73
                0x00000254                __vector_45
                0x00000254                __vector_25
                0x00000254                __vector_93
                0x00000254                __vector_61
                0x00000254                __vector_11
                0x00000254                __vector_54
                0x00000254                __vector_99
                0x00000254                __vector_13
                0x00000254                __vector_17
                0x00000254                __vector_19
                0x00000254                __vector_56
                0x00000254                __vector_7
                0x00000254                __vector_49
                0x00000254                __vector_123
                0x00000254                __vector_41
                0x00000254                __vector_86
                0x00000254                __vector_100
                0x00000254                __vector_101
                0x00000254                __vector_64
                0x00000254                __vector_88
                0x00000254                __vector_109
                0x00000254                __vector_43
                0x00000254                __vector_27
                0x00000254                __vector_5
                0x00000254                __vector_113
                0x00000254                __vector_33
                0x00000254                __vector_76
                0x00000254                __vector_115
                0x00000254                __vector_47
                0x00000254                __vector_52
                0x00000254                __vector_37
                0x00000254                __vector_95
                0x00000254                __vector_103
                0x00000254                __vector_96
                0x00000254                __vector_89
                0x00000254                __vector_108
                0x00000254                __vector_4
                0x00000254                __vector_44
                0x00000254                __vector_82
                0x00000254                __vector_106
                0x00000254                __vector_118
                0x00000254                __vector_51
                0x00000254                __vector_9
                0x00000254                __vector_2
                0x00000254                __vector_21
                0x00000254                __vector_15
                0x00000254                __vector_66
                0x00000254                __vector_36
                0x00000254                __vector_79
                0x00000254                __vector_58
                0x00000254                __vector_70
                0x00000254                __vector_83
                0x00000254                __vector_29
                0x00000254                __vector_60
                0x00000254                __vector_121
                0x00000254                __vector_40
                0x00000254                __vector_85
                0x00000254                __vector_94
                0x00000254                __vector_8
                0x00000254                __vector_26
                0x00000254                __vector_48
                0x00000254                __vector_124
                0x00000254                __vector_116
                0x00000254                __vector_112
                0x00000254                __vector_111
                0x00000254                __vector_80
                0x00000254                __vector_84
                0x00000254                __vector_57
                0x00000254                __vector_53
                0x00000254                __vector_10
                0x00000254                __vector_50
                0x00000254                __vector_16
                0x00000254                __vector_59
                0x00000254                __vector_18
                0x00000254                __vector_97
                0x00000254                __vector_20
                0x00000254                __vector_42
                0x00000254                __vector_87
                0x00000254                __vector_65
                0x00000254                __vector_120
 .text          0x00000256      0x120 sp_drivers.o
                0x00000256                SP_ReadByte
                0x00000262                SP_ReadWord
                0x00000270                SP_ReadCalibrationByte
                0x00000274                SP_ReadUserSignatureByte
                0x00000278                SP_ReadFuseByte
                0x0000028e                SP_WriteLockBits
                0x00000296                SP_ReadLockBits
                0x0000029c                SP_EraseUserSignatureRow
                0x000002a4                SP_WriteUserSignatureRow
                0x000002ac                SP_EraseApplicationSection
                0x000002b4                SP_EraseApplicationPage
                0x000002c0                SP_ReadFlashPage
                0x000002e2                SP_WriteApplicationPage
                0x000002ee                SP_EraseWriteApplicationPage
                0x000002fa                SP_EraseFlashBuffer
                0x00000302                SP_EraseBootPage
                0x0000030e                SP_WriteBootPage
                0x0000031a                SP_EraseWriteBootPage
                0x00000326                SP_ApplicationCRC
                0x0000032a                SP_BootCRC
                0x0000032e                SP_LockSPM
                0x0000033c                SP_WaitForSPM
                0x00000376                . = ALIGN (0x2)
 *(.text.*)
 .text.PrintStatusRequired
                0x00000376       0xb8 CommandDecoder.o
                0x00000376                PrintStatusRequired
 .text.PrintStatusCannotBe
                0x0000042e       0xb8 CommandDecoder.o
                0x0000042e                PrintStatusCannotBe
 .text.ProcessExcCommand
                0x000004e6      0x2bc CommandDecoder.o
                0x000004e6                ProcessExcCommand
 .text.ProcessQueryCommand
                0x000007a2      0x2b0 CommandDecoder.o
                0x000007a2                ProcessQueryCommand
 .text.ProcessSetCommand
                0x00000a52      0x204 CommandDecoder.o
                0x00000a52                ProcessSetCommand
 .text.ToUpper  0x00000c56        0xc CommandDecoder.o
                0x00000c56                ToUpper
 .text.ProcessInput
                0x00000c62      0x112 CommandDecoder.o
                0x00000c62                ProcessInput
 .text.uart_putchar
                0x00000d74        0xa main.o
                0x00000d74                uart_putchar
 .text.my_callback_cdc_enable
                0x00000d7e        0x8 main.o
                0x00000d7e                my_callback_cdc_enable
 .text.my_callback_cdc_disable
                0x00000d86        0x6 main.o
                0x00000d86                my_callback_cdc_disable
 .text.FlashTest
                0x00000d8c      0x154 main.o
                0x00000d8c                FlashTest
 .text.my_callback_rx_notify
                0x00000ee0        0xc main.o
                0x00000ee0                my_callback_rx_notify
 .text.my_callback_tx_empty_notify
                0x00000eec        0x2 main.o
                0x00000eec                my_callback_tx_empty_notify
 .text.__vector_14
                0x00000eee       0xe2 main.o
                0x00000eee                __vector_14
 .text.init_timer
                0x00000fd0       0x2a main.o
                0x00000fd0                init_timer
 .text.main     0x00000ffa       0x44 main.o
                0x00000ffa                main
 .text.EraseWriteAppTablePage
                0x0000103e       0x1e sp_driver.o
                0x0000103e                EraseWriteAppTablePage
 .text.ReadFlashPage
                0x0000105c       0x16 sp_driver.o
                0x0000105c                ReadFlashPage
 .text.udi_cdc_comm_disable
                0x00001072        0xc src/ASF/common/services/usb/class/cdc/device/udi_cdc.o
                0x00001072                udi_cdc_comm_disable
 .text.udi_cdc_data_setup
                0x0000107e        0x4 src/ASF/common/services/usb/class/cdc/device/udi_cdc.o
                0x0000107e                udi_cdc_data_setup
 .text.udi_cdc_getsetting
                0x00001082        0x4 src/ASF/common/services/usb/class/cdc/device/udi_cdc.o
                0x00001082                udi_cdc_getsetting
 .text.udi_cdc_comm_setup
                0x00001086       0x94 src/ASF/common/services/usb/class/cdc/device/udi_cdc.o
                0x00001086                udi_cdc_comm_setup
 .text.udi_cdc_line_coding_received
                0x0000111a        0x2 src/ASF/common/services/usb/class/cdc/device/udi_cdc.o
 .text.udi_cdc_comm_enable
                0x0000111c       0x5a src/ASF/common/services/usb/class/cdc/device/udi_cdc.o
                0x0000111c                udi_cdc_comm_enable
 .text.udi_cdc_tx_send
                0x00001176      0x162 src/ASF/common/services/usb/class/cdc/device/udi_cdc.o
 .text.udi_cdc_data_sof_notify
                0x000012d8        0x6 src/ASF/common/services/usb/class/cdc/device/udi_cdc.o
                0x000012d8                udi_cdc_data_sof_notify
 .text.udi_cdc_data_sent
                0x000012de       0x38 src/ASF/common/services/usb/class/cdc/device/udi_cdc.o
 .text.udi_cdc_data_disable
                0x00001316       0x16 src/ASF/common/services/usb/class/cdc/device/udi_cdc.o
                0x00001316                udi_cdc_data_disable
 .text.udi_cdc_multi_get_nb_received_data
                0x0000132c       0x3a src/ASF/common/services/usb/class/cdc/device/udi_cdc.o
                0x0000132c                udi_cdc_multi_get_nb_received_data
 .text.udi_cdc_multi_is_rx_ready
                0x00001366        0xe src/ASF/common/services/usb/class/cdc/device/udi_cdc.o
                0x00001366                udi_cdc_multi_is_rx_ready
 .text.udi_cdc_rx_start
                0x00001374       0xa2 src/ASF/common/services/usb/class/cdc/device/udi_cdc.o
 .text.udi_cdc_data_enable
                0x00001416       0x64 src/ASF/common/services/usb/class/cdc/device/udi_cdc.o
                0x00001416                udi_cdc_data_enable
 .text.udi_cdc_data_received
                0x0000147a       0x60 src/ASF/common/services/usb/class/cdc/device/udi_cdc.o
 .text.udi_cdc_multi_getc
                0x000014da       0xa8 src/ASF/common/services/usb/class/cdc/device/udi_cdc.o
                0x000014da                udi_cdc_multi_getc
 .text.udi_cdc_getc
                0x00001582        0x6 src/ASF/common/services/usb/class/cdc/device/udi_cdc.o
                0x00001582                udi_cdc_getc
 .text.udi_cdc_multi_get_free_tx_buffer
                0x00001588       0x60 src/ASF/common/services/usb/class/cdc/device/udi_cdc.o
                0x00001588                udi_cdc_multi_get_free_tx_buffer
 .text.udi_cdc_multi_is_tx_ready
                0x000015e8        0xe src/ASF/common/services/usb/class/cdc/device/udi_cdc.o
                0x000015e8                udi_cdc_multi_is_tx_ready
 .text.udi_cdc_multi_putc
                0x000015f6       0x9e src/ASF/common/services/usb/class/cdc/device/udi_cdc.o
                0x000015f6                udi_cdc_multi_putc
 .text.udi_cdc_putc
                0x00001694        0x8 src/ASF/common/services/usb/class/cdc/device/udi_cdc.o
                0x00001694                udi_cdc_putc
 .text.udc_next_desc_in_iface
                0x0000169c       0x64 src/ASF/common/services/usb/udc/udc.o
 .text.udc_valid_address
                0x00001700        0xa src/ASF/common/services/usb/udc/udc.o
 .text.udc_update_iface_desc
                0x0000170a       0x74 src/ASF/common/services/usb/udc/udc.o
 .text.udc_iface_disable
                0x0000177e       0x84 src/ASF/common/services/usb/udc/udc.o
 .text.udc_iface_enable
                0x00001802       0x64 src/ASF/common/services/usb/udc/udc.o
 .text.udc_start
                0x00001866        0x4 src/ASF/common/services/usb/udc/udc.o
                0x00001866                udc_start
 .text.udc_reset
                0x0000186a       0x4e src/ASF/common/services/usb/udc/udc.o
                0x0000186a                udc_reset
 .text.udc_sof_notify
                0x000018b8       0x60 src/ASF/common/services/usb/udc/udc.o
                0x000018b8                udc_sof_notify
 .text.udc_process_setup
                0x00001918      0x504 src/ASF/common/services/usb/udc/udc.o
                0x00001918                udc_process_setup
 .text.udd_sleep_mode
                0x00001e1c       0x70 src/ASF/xmega/drivers/usb/usb_device.o
 .text.udd_ctrl_init
                0x00001e8c       0x4a src/ASF/xmega/drivers/usb/usb_device.o
 .text.udd_ctrl_stall_data
                0x00001ed6       0x1c src/ASF/xmega/drivers/usb/usb_device.o
 .text.udd_ctrl_send_zlp_in
                0x00001ef2       0x1c src/ASF/xmega/drivers/usb/usb_device.o
 .text.udd_ctrl_endofrequest
                0x00001f0e       0x10 src/ASF/xmega/drivers/usb/usb_device.o
 .text.udd_ctrl_in_sent
                0x00001f1e       0xd8 src/ASF/xmega/drivers/usb/usb_device.o
 .text.udd_ep_get_size
                0x00001ff6       0x52 src/ASF/xmega/drivers/usb/usb_device.o
 .text.udd_ep_get_job
                0x00002048       0x36 src/ASF/xmega/drivers/usb/usb_device.o
 .text.udd_ctrl_interrupt_tc_setup
                0x0000207e       0xe2 src/ASF/xmega/drivers/usb/usb_device.o
 .text.udd_ep_trans_complet
                0x00002160      0x2fa src/ASF/xmega/drivers/usb/usb_device.o
 .text.udd_attach
                0x0000245a       0x5a src/ASF/xmega/drivers/usb/usb_device.o
                0x0000245a                udd_attach
 .text.udd_enable
                0x000024b4      0x104 src/ASF/xmega/drivers/usb/usb_device.o
                0x000024b4                udd_enable
 .text.udd_is_high_speed
                0x000025b8        0x4 src/ASF/xmega/drivers/usb/usb_device.o
                0x000025b8                udd_is_high_speed
 .text.udd_set_address
                0x000025bc        0x6 src/ASF/xmega/drivers/usb/usb_device.o
                0x000025bc                udd_set_address
 .text.udd_getaddress
                0x000025c2        0x6 src/ASF/xmega/drivers/usb/usb_device.o
                0x000025c2                udd_getaddress
 .text.udd_get_frame_number
                0x000025c8        0xa src/ASF/xmega/drivers/usb/usb_device.o
                0x000025c8                udd_get_frame_number
 .text.udd_get_micro_frame_number
                0x000025d2        0x6 src/ASF/xmega/drivers/usb/usb_device.o
                0x000025d2                udd_get_micro_frame_number
 .text.udd_set_setup_payload
                0x000025d8        0xe src/ASF/xmega/drivers/usb/usb_device.o
                0x000025d8                udd_set_setup_payload
 .text.udd_ep_alloc
                0x000025e6      0x110 src/ASF/xmega/drivers/usb/usb_device.o
                0x000025e6                udd_ep_alloc
 .text.udd_ep_is_halted
                0x000026f6       0x36 src/ASF/xmega/drivers/usb/usb_device.o
                0x000026f6                udd_ep_is_halted
 .text.udd_ep_clear_halt
                0x0000272c       0x6e src/ASF/xmega/drivers/usb/usb_device.o
                0x0000272c                udd_ep_clear_halt
 .text.udd_ep_run
                0x0000279a      0x18e src/ASF/xmega/drivers/usb/usb_device.o
                0x0000279a                udd_ep_run
 .text.udd_ep_abort
                0x00002928       0x92 src/ASF/xmega/drivers/usb/usb_device.o
                0x00002928                udd_ep_abort
 .text.udd_ep_free
                0x000029ba       0x38 src/ASF/xmega/drivers/usb/usb_device.o
                0x000029ba                udd_ep_free
 .text.udd_ep_set_halt
                0x000029f2       0x3a src/ASF/xmega/drivers/usb/usb_device.o
                0x000029f2                udd_ep_set_halt
 .text.__vector_125
                0x00002a2c      0x186 src/ASF/xmega/drivers/usb/usb_device.o
                0x00002a2c                __vector_125
 .text.__vector_126
                0x00002bb2      0x210 src/ASF/xmega/drivers/usb/usb_device.o
                0x00002bb2                __vector_126
 .text.sysclk_init
                0x00002dc2       0xe6 src/ASF/common/services/clock/xmega/sysclk.o
                0x00002dc2                sysclk_init
 .text.sysclk_enable_module
                0x00002ea8       0x2c src/ASF/common/services/clock/xmega/sysclk.o
                0x00002ea8                sysclk_enable_module
 .text.sysclk_enable_usb
                0x00002ed4       0x8a src/ASF/common/services/clock/xmega/sysclk.o
                0x00002ed4                sysclk_enable_usb
 .text.nvm_eeprom_read_byte
                0x00002f5e       0x22 src/ASF/xmega/drivers/nvm/nvm.o
                0x00002f5e                nvm_eeprom_read_byte
 .text.nvm_flash_read_buffer
                0x00002f80       0x34 src/ASF/xmega/drivers/nvm/nvm.o
                0x00002f80                nvm_flash_read_buffer
 .text.nvm_flash_erase_and_write_buffer
                0x00002fb4      0x1c0 src/ASF/xmega/drivers/nvm/nvm.o
                0x00002fb4                nvm_flash_erase_and_write_buffer
 .text.nvm_read_byte
                0x00003174       0x14 src/ASF/xmega/drivers/nvm/nvm_asm.o
                0x00003174                nvm_read_byte
 .text.ccp_write_io
                0x00003188        0xc src/ASF/xmega/drivers/cpu/ccp.o
                0x00003188                ccp_write_io
 .text.libgcc.div
                0x00003194       0x28 c:/program files (x86)/atmel/studio/7.0/toolchain/avr8/avr8-gnu-toolchain/bin/../lib/gcc/avr/4.9.2/avrxmega7\libgcc.a(_udivmodhi4.o)
                0x00003194                __udivmodhi4
 .text.libgcc   0x000031bc       0x12 c:/program files (x86)/atmel/studio/7.0/toolchain/avr8/avr8-gnu-toolchain/bin/../lib/gcc/avr/4.9.2/avrxmega7\libgcc.a(_tablejump2.o)
                0x000031bc                __tablejump2__
 .text.avr-libc
                0x000031ce       0x12 c:/program files (x86)/atmel/studio/7.0/toolchain/avr8/avr8-gnu-toolchain/bin/../lib/gcc/avr/4.9.2/../../../../avr/lib/avrxmega7\libc.a(memcpy.o)
                0x000031ce                memcpy
 .text.avr-libc
                0x000031e0       0x12 c:/program files (x86)/atmel/studio/7.0/toolchain/avr8/avr8-gnu-toolchain/bin/../lib/gcc/avr/4.9.2/../../../../avr/lib/avrxmega7\libc.a(strcmp.o)
                0x000031e0                strcmp
 .text.avr-libc
                0x000031f2       0x26 c:/program files (x86)/atmel/studio/7.0/toolchain/avr8/avr8-gnu-toolchain/bin/../lib/gcc/avr/4.9.2/../../../../avr/lib/avrxmega7\libc.a(printf.o)
                0x000031f2                printf
 .text.avr-libc
                0x00003218       0x60 c:/program files (x86)/atmel/studio/7.0/toolchain/avr8/avr8-gnu-toolchain/bin/../lib/gcc/avr/4.9.2/../../../../avr/lib/avrxmega7\libc.a(puts.o)
                0x00003218                puts
 .text.avr-libc
                0x00003278      0x3d0 c:/program files (x86)/atmel/studio/7.0/toolchain/avr8/avr8-gnu-toolchain/bin/../lib/gcc/avr/4.9.2/../../../../avr/lib/avrxmega7\libc.a(vfprintf_std.o)
                0x00003278                vfprintf
 .text.avr-libc
                0x00003648       0x16 c:/program files (x86)/atmel/studio/7.0/toolchain/avr8/avr8-gnu-toolchain/bin/../lib/gcc/avr/4.9.2/../../../../avr/lib/avrxmega7\libc.a(strnlen_P.o)
                0x00003648                strnlen_P
 .text.avr-libc
                0x0000365e       0x16 c:/program files (x86)/atmel/studio/7.0/toolchain/avr8/avr8-gnu-toolchain/bin/../lib/gcc/avr/4.9.2/../../../../avr/lib/avrxmega7\libc.a(strnlen.o)
                0x0000365e                strnlen
 .text.avr-libc
                0x00003674       0x70 c:/program files (x86)/atmel/studio/7.0/toolchain/avr8/avr8-gnu-toolchain/bin/../lib/gcc/avr/4.9.2/../../../../avr/lib/avrxmega7\libc.a(fputc.o)
                0x00003674                fputc
 .text.avr-libc
                0x000036e4       0xbc c:/program files (x86)/atmel/studio/7.0/toolchain/avr8/avr8-gnu-toolchain/bin/../lib/gcc/avr/4.9.2/../../../../avr/lib/avrxmega7\libc.a(ultoa_invert.o)
                0x000036e4                __ultoa_invert
                0x000037a0                . = ALIGN (0x2)
 *(.fini9)
 .fini9         0x000037a0        0x0 c:/program files (x86)/atmel/studio/7.0/toolchain/avr8/avr8-gnu-toolchain/bin/../lib/gcc/avr/4.9.2/avrxmega7\libgcc.a(_exit.o)
                0x000037a0                _exit
                0x000037a0                exit
 *(.fini9)
 *(.fini8)
 *(.fini8)
 *(.fini7)
 *(.fini7)
 *(.fini6)
 *(.fini6)
 *(.fini5)
 *(.fini5)
 *(.fini4)
 *(.fini4)
 *(.fini3)
 *(.fini3)
 *(.fini2)
 *(.fini2)
 *(.fini1)
 *(.fini1)
 *(.fini0)
 .fini0         0x000037a0        0x4 c:/program files (x86)/atmel/studio/7.0/toolchain/avr8/avr8-gnu-toolchain/bin/../lib/gcc/avr/4.9.2/avrxmega7\libgcc.a(_exit.o)
 *(.fini0)
                0x000037a4                _etext = .

.data           0x00802000      0x2a0 load address 0x000037a4
                0x00802000                PROVIDE (__data_start, .)
 *(.data)
 *(.data*)
 .data.mystdout
                0x00802000        0xe main.o
 .data.udi_api_cdc_data
                0x0080200e        0xa src/ASF/common/services/usb/class/cdc/device/udi_cdc.o
                0x0080200e                udi_api_cdc_data
 .data.udi_api_cdc_comm
                0x00802018        0xa src/ASF/common/services/usb/class/cdc/device/udi_cdc.o
                0x00802018                udi_api_cdc_comm
 .data.udc_string_desc
                0x00802022       0x26 src/ASF/common/services/usb/udc/udc.o
 .data.udc_string_product_name
                0x00802048       0x13 src/ASF/common/services/usb/udc/udc.o
 .data.udc_string_manufacturer_name
                0x0080205b       0x13 src/ASF/common/services/usb/udc/udc.o
 .data.udc_string_desc_languageid
                0x0080206e        0x4 src/ASF/common/services/usb/udc/udc.o
 .data.udc_config
                0x00802072        0x6 src/ASF/common/services/usb/class/cdc/device/udi_cdc_desc.o
                0x00802072                udc_config
 .data.udc_config_fs
                0x00802078        0x4 src/ASF/common/services/usb/class/cdc/device/udi_cdc_desc.o
                0x00802078                udc_config_fs
 .data.udi_apis
                0x0080207c        0x4 src/ASF/common/services/usb/class/cdc/device/udi_cdc_desc.o
                0x0080207c                udi_apis
 .data.udc_desc_fs
                0x00802080       0x44 src/ASF/common/services/usb/class/cdc/device/udi_cdc_desc.o
                0x00802080                udc_desc_fs
 .data.udc_device_desc
                0x008020c4       0x12 src/ASF/common/services/usb/class/cdc/device/udi_cdc_desc.o
                0x008020c4                udc_device_desc
 *(.rodata)
 *(.rodata*)
 .rodata.str1.1
                0x008020d6      0x14d CommandDecoder.o
 .rodata.str1.1
                0x00802223       0x74 main.o
 .rodata.str1.1
                0x00802297        0x8 src/ASF/common/services/usb/udc/udc.o
 *(.gnu.linkonce.d*)
                0x008022a0                . = ALIGN (0x2)
 *fill*         0x0080229f        0x1 
                0x008022a0                _edata = .
                0x008022a0                PROVIDE (__data_end, .)

.bss            0x008022a0      0x4b2
                0x008022a0                PROVIDE (__bss_start, .)
 *(.bss)
 *(.bss*)
 .bss._index    0x008022a0        0x1 CommandDecoder.o
                0x008022a0                _index
 .bss._cmdState
                0x008022a1        0x1 CommandDecoder.o
                0x008022a1                _cmdState
 .bss.my_flag_autorize_cdc_transfert
                0x008022a2        0x1 main.o
 .bss.doFlashTest
                0x008022a3        0x1 main.o
                0x008022a3                doFlashTest
 .bss.index     0x008022a4        0x2 main.o
                0x008022a4                index
 .bss.count     0x008022a6        0x1 main.o
                0x008022a6                count
 .bss._logEnabled
                0x008022a7        0x1 Oven.o
                0x008022a7                _logEnabled
 .bss._ovenStatus
                0x008022a8        0x1 Oven.o
                0x008022a8                _ovenStatus
 .bss.sof_zlp_counter.4973
                0x008022a9        0x2 src/ASF/common/services/usb/class/cdc/device/udi_cdc.o
 .bss.udi_cdc_tx_both_buf_to_send
                0x008022ab        0x1 src/ASF/common/services/usb/class/cdc/device/udi_cdc.o
 .bss.udi_cdc_tx_trans_ongoing
                0x008022ac        0x1 src/ASF/common/services/usb/class/cdc/device/udi_cdc.o
 .bss.udi_cdc_tx_sof_num
                0x008022ad        0x2 src/ASF/common/services/usb/class/cdc/device/udi_cdc.o
 .bss.udi_cdc_tx_buf_sel
                0x008022af        0x1 src/ASF/common/services/usb/class/cdc/device/udi_cdc.o
 .bss.udi_cdc_tx_buf_nb
                0x008022b0        0x4 src/ASF/common/services/usb/class/cdc/device/udi_cdc.o
 .bss.udi_cdc_tx_buf
                0x008022b4       0x80 src/ASF/common/services/usb/class/cdc/device/udi_cdc.o
 .bss.udi_cdc_rx_trans_ongoing
                0x00802334        0x1 src/ASF/common/services/usb/class/cdc/device/udi_cdc.o
 .bss.udi_cdc_rx_pos
                0x00802335        0x2 src/ASF/common/services/usb/class/cdc/device/udi_cdc.o
 .bss.udi_cdc_rx_buf_sel
                0x00802337        0x1 src/ASF/common/services/usb/class/cdc/device/udi_cdc.o
 .bss.udi_cdc_rx_buf_nb
                0x00802338        0x4 src/ASF/common/services/usb/class/cdc/device/udi_cdc.o
 .bss.udi_cdc_rx_buf
                0x0080233c       0x80 src/ASF/common/services/usb/class/cdc/device/udi_cdc.o
 .bss.udi_cdc_data_running
                0x008023bc        0x1 src/ASF/common/services/usb/class/cdc/device/udi_cdc.o
 .bss.udi_cdc_nb_data_enabled
                0x008023bd        0x1 src/ASF/common/services/usb/class/cdc/device/udi_cdc.o
 .bss.udi_cdc_nb_comm_enabled
                0x008023be        0x1 src/ASF/common/services/usb/class/cdc/device/udi_cdc.o
 *fill*         0x008023bf        0x1 
 .bss.uid_cdc_state_msg
                0x008023c0        0xa src/ASF/common/services/usb/class/cdc/device/udi_cdc.o
 .bss.udi_cdc_state
                0x008023ca        0x2 src/ASF/common/services/usb/class/cdc/device/udi_cdc.o
 .bss.udi_cdc_line_coding
                0x008023cc        0x8 src/ASF/common/services/usb/class/cdc/device/udi_cdc.o
 .bss.udc_ep_status.4671
                0x008023d4        0x2 src/ASF/common/services/usb/udc/udc.o
 .bss.udc_ptr_iface
                0x008023d6        0x2 src/ASF/common/services/usb/udc/udc.o
 .bss.udc_ptr_conf
                0x008023d8        0x2 src/ASF/common/services/usb/udc/udc.o
 .bss.udc_num_configuration
                0x008023da        0x2 src/ASF/common/services/usb/udc/udc.o
 .bss.udc_iface_setting
                0x008023dc        0x2 src/ASF/common/services/usb/udc/udc.o
 .bss.udc_device_status
                0x008023de        0x2 src/ASF/common/services/usb/udc/udc.o
 .bss.b_shortpacket.5381
                0x008023e0        0x1 src/ASF/xmega/drivers/usb/usb_device.o
 .bss.udd_ep_out_cache_buffer
                0x008023e1       0x80 src/ASF/xmega/drivers/usb/usb_device.o
 .bss.udd_ep_job
                0x00802461       0x24 src/ASF/xmega/drivers/usb/usb_device.o
 .bss.udd_ctrl_buffer
                0x00802485       0x40 src/ASF/xmega/drivers/usb/usb_device.o
 .bss.udd_ctrl_payload_nb_trans
                0x008024c5        0x2 src/ASF/xmega/drivers/usb/usb_device.o
 .bss.udd_ctrl_prev_payload_nb_trans
                0x008024c7        0x2 src/ASF/xmega/drivers/usb/usb_device.o
 .bss.udd_ep_control_state
                0x008024c9        0x1 src/ASF/xmega/drivers/usb/usb_device.o
 *fill*         0x008024ca        0x2 
 .bss.udd_sram  0x008024cc       0x40 src/ASF/xmega/drivers/usb/usb_device.o
 .bss.udd_b_idle
                0x0080250c        0x1 src/ASF/xmega/drivers/usb/usb_device.o
 *(COMMON)
 COMMON         0x0080250d       0x29 CommandDecoder.o
                0x0080250d                _args
                0x0080252d                _command
                0x00802535                _cmdModifier
 COMMON         0x00802536      0x200 main.o
                0x00802536                WriteBuffer
                0x00802636                ReadBuffer
 COMMON         0x00802736       0x10 src/ASF/xmega/drivers/usb/usb_device.o
                0x00802736                udd_g_ctrlreq
 COMMON         0x00802746        0x6 src/ASF/common/services/sleepmgr/xmega/sleepmgr.o
                0x00802746                sleepmgr_locks
 COMMON         0x0080274c        0x6 c:/program files (x86)/atmel/studio/7.0/toolchain/avr8/avr8-gnu-toolchain/bin/../lib/gcc/avr/4.9.2/../../../../avr/lib/avrxmega7\libc.a(iob.o)
                0x0080274c                __iob
                0x00802752                PROVIDE (__bss_end, .)
                0x000037a4                __data_load_start = LOADADDR (.data)
                0x00003a44                __data_load_end = (__data_load_start + SIZEOF (.data))

.noinit         0x00802752        0x0
                [!provide]                PROVIDE (__noinit_start, .)
 *(.noinit*)
                [!provide]                PROVIDE (__noinit_end, .)
                0x00802752                _end = .
                [!provide]                PROVIDE (__heap_start, .)

.eeprom         0x00810000        0x0
 *(.eeprom*)
                0x00810000                __eeprom_end = .

.fuse
 *(.fuse)
 *(.lfuse)
 *(.hfuse)
 *(.efuse)

.lock
 *(.lock*)

.signature
 *(.signature*)

.user_signatures
 *(.user_signatures*)

.stab
 *(.stab)

.stabstr
 *(.stabstr)

.stab.excl
 *(.stab.excl)

.stab.exclstr
 *(.stab.exclstr)

.stab.index
 *(.stab.index)

.stab.indexstr
 *(.stab.indexstr)

.comment        0x00000000       0x5c
 *(.comment)
 .comment       0x00000000       0x30 CommandDecoder.o
                                 0x31 (size before relaxing)
 .comment       0x00000030       0x31 main.o
 .comment       0x00000030       0x31 Oven.o
 .comment       0x00000030       0x31 sp_driver.o
 .comment       0x00000030       0x31 src/ASF/common/services/usb/class/cdc/device/udi_cdc.o
 .comment       0x00000030       0x31 src/ASF/common/services/usb/udc/udc.o
 .comment       0x00000030       0x31 src/ASF/xmega/drivers/usb/usb_device.o
 .comment       0x00000030       0x31 src/ASF/common/services/usb/class/cdc/device/udi_cdc_desc.o
 .comment       0x00000030       0x31 src/ASF/common/services/sleepmgr/xmega/sleepmgr.o
 .comment       0x00000030       0x31 src/ASF/common/services/clock/xmega/sysclk.o
 .comment       0x00000030       0x31 src/ASF/xmega/drivers/nvm/nvm.o
 .comment       0x00000030       0x31 c:/program files (x86)/atmel/studio/7.0/toolchain/avr8/avr8-gnu-toolchain/bin/../lib/gcc/avr/4.9.2/../../../../avr/lib/avrxmega7\libc.a(iob.o)
 .comment       0x00000030       0x31 c:/program files (x86)/atmel/studio/7.0/toolchain/avr8/avr8-gnu-toolchain/bin/../lib/gcc/avr/4.9.2/../../../../avr/lib/avrxmega7\libc.a(printf.o)
 .comment       0x00000030       0x31 c:/program files (x86)/atmel/studio/7.0/toolchain/avr8/avr8-gnu-toolchain/bin/../lib/gcc/avr/4.9.2/../../../../avr/lib/avrxmega7\libc.a(puts.o)
 .comment       0x00000030       0x2c c:/program files (x86)/atmel/studio/7.0/toolchain/avr8/avr8-gnu-toolchain/bin/../lib/gcc/avr/4.9.2/../../../../avr/lib/avrxmega7\libc.a(vfprintf_std.o)
                                 0x2d (size before relaxing)
 .comment       0x0000005c       0x31 c:/program files (x86)/atmel/studio/7.0/toolchain/avr8/avr8-gnu-toolchain/bin/../lib/gcc/avr/4.9.2/../../../../avr/lib/avrxmega7\libc.a(fputc.o)

.note.gnu.avr.deviceinfo
                0x00000000       0x40
 .note.gnu.avr.deviceinfo
                0x00000000       0x40 C:/Program Files (x86)/Atmel/Studio/7.0/Packs/atmel/XMEGAA_DFP/1.1.63/gcc/dev/atxmega128a4u/avrxmega7/crtatxmega128a4u.o

.note.gnu.build-id
 *(.note.gnu.build-id)

.debug
 *(.debug)

.line
 *(.line)

.debug_srcinfo
 *(.debug_srcinfo)

.debug_sfnames
 *(.debug_sfnames)

.debug_aranges  0x00000000      0x598
 *(.debug_aranges)
 .debug_aranges
                0x00000000       0x50 CommandDecoder.o
 .debug_aranges
                0x00000050       0x68 main.o
 .debug_aranges
                0x000000b8       0x18 Oven.o
 .debug_aranges
                0x000000d0       0x28 sp_driver.o
 .debug_aranges
                0x000000f8       0x28 sp_drivers.o
 .debug_aranges
                0x00000120      0x170 src/ASF/common/services/usb/class/cdc/device/udi_cdc.o
 .debug_aranges
                0x00000290       0x70 src/ASF/common/services/usb/udc/udc.o
 .debug_aranges
                0x00000300      0x120 src/ASF/xmega/drivers/usb/usb_device.o
 .debug_aranges
                0x00000420       0x18 src/ASF/common/services/usb/class/cdc/device/udi_cdc_desc.o
 .debug_aranges
                0x00000438       0x18 src/ASF/common/services/sleepmgr/xmega/sleepmgr.o
 .debug_aranges
                0x00000450       0x40 src/ASF/common/services/clock/xmega/sysclk.o
 .debug_aranges
                0x00000490       0xc0 src/ASF/xmega/drivers/nvm/nvm.o
 .debug_aranges
                0x00000550       0x28 src/ASF/xmega/drivers/nvm/nvm_asm.o
 .debug_aranges
                0x00000578       0x20 src/ASF/xmega/drivers/cpu/ccp.o

.debug_pubnames
 *(.debug_pubnames)

.debug_info     0x00000000     0xbb1f
 *(.debug_info .gnu.linkonce.wi.*)
 .debug_info    0x00000000     0x284f C:/Program Files (x86)/Atmel/Studio/7.0/Packs/atmel/XMEGAA_DFP/1.1.63/gcc/dev/atxmega128a4u/avrxmega7/crtatxmega128a4u.o
 .debug_info    0x0000284f      0xd39 CommandDecoder.o
 .debug_info    0x00003588      0xf37 main.o
 .debug_info    0x000044bf      0x14f Oven.o
 .debug_info    0x0000460e      0x176 sp_driver.o
 .debug_info    0x00004784       0x86 sp_drivers.o
 .debug_info    0x0000480a     0x1a0b src/ASF/common/services/usb/class/cdc/device/udi_cdc.o
 .debug_info    0x00006215     0x114c src/ASF/common/services/usb/udc/udc.o
 .debug_info    0x00007361     0x1df1 src/ASF/xmega/drivers/usb/usb_device.o
 .debug_info    0x00009152      0x7bd src/ASF/common/services/usb/class/cdc/device/udi_cdc_desc.o
 .debug_info    0x0000990f      0x121 src/ASF/common/services/sleepmgr/xmega/sleepmgr.o
 .debug_info    0x00009a30      0xbe9 src/ASF/common/services/clock/xmega/sysclk.o
 .debug_info    0x0000a619     0x13d0 src/ASF/xmega/drivers/nvm/nvm.o
 .debug_info    0x0000b9e9       0x9b src/ASF/xmega/drivers/nvm/nvm_asm.o
 .debug_info    0x0000ba84       0x9b src/ASF/xmega/drivers/cpu/ccp.o

.debug_abbrev   0x00000000     0x4291
 *(.debug_abbrev)
 .debug_abbrev  0x00000000     0x262c C:/Program Files (x86)/Atmel/Studio/7.0/Packs/atmel/XMEGAA_DFP/1.1.63/gcc/dev/atxmega128a4u/avrxmega7/crtatxmega128a4u.o
 .debug_abbrev  0x0000262c      0x1d3 CommandDecoder.o
 .debug_abbrev  0x000027ff      0x37c main.o
 .debug_abbrev  0x00002b7b       0x8b Oven.o
 .debug_abbrev  0x00002c06       0xe2 sp_driver.o
 .debug_abbrev  0x00002ce8       0x12 sp_drivers.o
 .debug_abbrev  0x00002cfa      0x3fa src/ASF/common/services/usb/class/cdc/device/udi_cdc.o
 .debug_abbrev  0x000030f4      0x3c0 src/ASF/common/services/usb/udc/udc.o
 .debug_abbrev  0x000034b4      0x5c3 src/ASF/xmega/drivers/usb/usb_device.o
 .debug_abbrev  0x00003a77       0xfe src/ASF/common/services/usb/class/cdc/device/udi_cdc_desc.o
 .debug_abbrev  0x00003b75       0x80 src/ASF/common/services/sleepmgr/xmega/sleepmgr.o
 .debug_abbrev  0x00003bf5      0x291 src/ASF/common/services/clock/xmega/sysclk.o
 .debug_abbrev  0x00003e86      0x3e5 src/ASF/xmega/drivers/nvm/nvm.o
 .debug_abbrev  0x0000426b       0x12 src/ASF/xmega/drivers/nvm/nvm_asm.o
 .debug_abbrev  0x0000427d       0x14 src/ASF/xmega/drivers/cpu/ccp.o

.debug_line     0x00000000     0x7267
 *(.debug_line .debug_line.* .debug_line_end)
 .debug_line    0x00000000      0x3b5 C:/Program Files (x86)/Atmel/Studio/7.0/Packs/atmel/XMEGAA_DFP/1.1.63/gcc/dev/atxmega128a4u/avrxmega7/crtatxmega128a4u.o
 .debug_line    0x000003b5      0xc10 CommandDecoder.o
 .debug_line    0x00000fc5      0x995 main.o
 .debug_line    0x0000195a      0x703 Oven.o
 .debug_line    0x0000205d      0x281 sp_driver.o
 .debug_line    0x000022de      0x3b3 sp_drivers.o
 .debug_line    0x00002691      0xf76 src/ASF/common/services/usb/class/cdc/device/udi_cdc.o
 .debug_line    0x00003607      0xa12 src/ASF/common/services/usb/udc/udc.o
 .debug_line    0x00004019     0x14f0 src/ASF/xmega/drivers/usb/usb_device.o
 .debug_line    0x00005509      0x4c7 src/ASF/common/services/usb/class/cdc/device/udi_cdc_desc.o
 .debug_line    0x000059d0      0x456 src/ASF/common/services/sleepmgr/xmega/sleepmgr.o
 .debug_line    0x00005e26      0x771 src/ASF/common/services/clock/xmega/sysclk.o
 .debug_line    0x00006597      0xb43 src/ASF/xmega/drivers/nvm/nvm.o
 .debug_line    0x000070da      0x11f src/ASF/xmega/drivers/nvm/nvm_asm.o
 .debug_line    0x000071f9       0x6e src/ASF/xmega/drivers/cpu/ccp.o

.debug_frame    0x00000000     0x11f8
 *(.debug_frame)
 .debug_frame   0x00000000      0x2b0 CommandDecoder.o
 .debug_frame   0x000002b0      0x1b0 main.o
 .debug_frame   0x00000460       0x34 sp_driver.o
 .debug_frame   0x00000494      0x430 src/ASF/common/services/usb/class/cdc/device/udi_cdc.o
 .debug_frame   0x000008c4      0x114 src/ASF/common/services/usb/udc/udc.o
 .debug_frame   0x000009d8      0x428 src/ASF/xmega/drivers/usb/usb_device.o
 .debug_frame   0x00000e00       0xb0 src/ASF/common/services/clock/xmega/sysclk.o
 .debug_frame   0x00000eb0      0x348 src/ASF/xmega/drivers/nvm/nvm.o

.debug_str      0x00000000    0x335ed
 *(.debug_str)
 .debug_str     0x00000000     0x1aa8 C:/Program Files (x86)/Atmel/Studio/7.0/Packs/atmel/XMEGAA_DFP/1.1.63/gcc/dev/atxmega128a4u/avrxmega7/crtatxmega128a4u.o
 .debug_str     0x00001aa8    0x2b494 CommandDecoder.o
                              0x2bb5c (size before relaxing)
 .debug_str     0x0002cf3c      0x86c main.o
                              0x2c289 (size before relaxing)
 .debug_str     0x0002d7a8        0xc Oven.o
                              0x2b0aa (size before relaxing)
 .debug_str     0x0002d7b4       0xab sp_driver.o
                              0x1746c (size before relaxing)
 .debug_str     0x0002d85f      0xdde src/ASF/common/services/usb/class/cdc/device/udi_cdc.o
                              0x2a8da (size before relaxing)
 .debug_str     0x0002e63d      0xb3a src/ASF/common/services/usb/udc/udc.o
                              0x2905c (size before relaxing)
 .debug_str     0x0002f177     0x3a52 src/ASF/xmega/drivers/usb/usb_device.o
                              0x2db25 (size before relaxing)
 .debug_str     0x00032bc9      0x231 src/ASF/common/services/usb/class/cdc/device/udi_cdc_desc.o
                              0x29ecb (size before relaxing)
 .debug_str     0x00032dfa       0x35 src/ASF/common/services/sleepmgr/xmega/sleepmgr.o
                              0x26095 (size before relaxing)
 .debug_str     0x00032e2f      0x2eb src/ASF/common/services/clock/xmega/sysclk.o
                              0x2792a (size before relaxing)
 .debug_str     0x0003311a      0x4d3 src/ASF/xmega/drivers/nvm/nvm.o
                              0x268af (size before relaxing)

.debug_loc      0x00000000     0x4f84
 *(.debug_loc)
 .debug_loc     0x00000000      0xbcd CommandDecoder.o
 .debug_loc     0x00000bcd      0x3cb main.o
 .debug_loc     0x00000f98       0xc2 sp_driver.o
 .debug_loc     0x0000105a     0x124c src/ASF/common/services/usb/class/cdc/device/udi_cdc.o
 .debug_loc     0x000022a6      0x4eb src/ASF/common/services/usb/udc/udc.o
 .debug_loc     0x00002791     0x1289 src/ASF/xmega/drivers/usb/usb_device.o
 .debug_loc     0x00003a1a      0x37b src/ASF/common/services/clock/xmega/sysclk.o
 .debug_loc     0x00003d95     0x11ef src/ASF/xmega/drivers/nvm/nvm.o

.debug_macinfo
 *(.debug_macinfo)

.debug_weaknames
 *(.debug_weaknames)

.debug_funcnames
 *(.debug_funcnames)

.debug_typenames
 *(.debug_typenames)

.debug_varnames
 *(.debug_varnames)

.debug_pubtypes
 *(.debug_pubtypes)

.debug_ranges   0x00000000      0x550
 *(.debug_ranges)
 .debug_ranges  0x00000000       0x40 CommandDecoder.o
 .debug_ranges  0x00000040       0x88 main.o
 .debug_ranges  0x000000c8       0x18 sp_driver.o
 .debug_ranges  0x000000e0       0x20 sp_drivers.o
 .debug_ranges  0x00000100      0x160 src/ASF/common/services/usb/class/cdc/device/udi_cdc.o
 .debug_ranges  0x00000260       0xb0 src/ASF/common/services/usb/udc/udc.o
 .debug_ranges  0x00000310      0x140 src/ASF/xmega/drivers/usb/usb_device.o
 .debug_ranges  0x00000450       0x30 src/ASF/common/services/clock/xmega/sysclk.o
 .debug_ranges  0x00000480       0xb0 src/ASF/xmega/drivers/nvm/nvm.o
 .debug_ranges  0x00000530       0x20 src/ASF/xmega/drivers/nvm/nvm_asm.o

.debug_macro    0x00000000     0xb38f
 *(.debug_macro)
 .debug_macro   0x00000000      0x328 CommandDecoder.o
 .debug_macro   0x00000328      0xa90 CommandDecoder.o
 .debug_macro   0x00000db8      0x1c9 CommandDecoder.o
 .debug_macro   0x00000f81      0x2fc CommandDecoder.o
 .debug_macro   0x0000127d       0x58 CommandDecoder.o
 .debug_macro   0x000012d5       0x10 CommandDecoder.o
 .debug_macro   0x000012e5       0x97 CommandDecoder.o
 .debug_macro   0x0000137c       0xf2 CommandDecoder.o
 .debug_macro   0x0000146e       0x16 CommandDecoder.o
 .debug_macro   0x00001484       0x20 CommandDecoder.o
 .debug_macro   0x000014a4       0x16 CommandDecoder.o
 .debug_macro   0x000014ba       0xaa CommandDecoder.o
 .debug_macro   0x00001564     0x5964 CommandDecoder.o
 .debug_macro   0x00006ec8       0x9a CommandDecoder.o
 .debug_macro   0x00006f62       0xf1 CommandDecoder.o
 .debug_macro   0x00007053       0x34 CommandDecoder.o
 .debug_macro   0x00007087       0x10 CommandDecoder.o
 .debug_macro   0x00007097       0x18 CommandDecoder.o
 .debug_macro   0x000070af       0x5e CommandDecoder.o
 .debug_macro   0x0000710d       0x10 CommandDecoder.o
 .debug_macro   0x0000711d       0x22 CommandDecoder.o
 .debug_macro   0x0000713f       0xef CommandDecoder.o
 .debug_macro   0x0000722e       0x1c CommandDecoder.o
 .debug_macro   0x0000724a       0x35 CommandDecoder.o
 .debug_macro   0x0000727f       0x5a CommandDecoder.o
 .debug_macro   0x000072d9      0x652 CommandDecoder.o
 .debug_macro   0x0000792b       0x97 CommandDecoder.o
 .debug_macro   0x000079c2       0x17 CommandDecoder.o
 .debug_macro   0x000079d9      0x250 CommandDecoder.o
 .debug_macro   0x00007c29       0x76 CommandDecoder.o
 .debug_macro   0x00007c9f       0x16 CommandDecoder.o
 .debug_macro   0x00007cb5      0x6e3 CommandDecoder.o
 .debug_macro   0x00008398       0x10 CommandDecoder.o
 .debug_macro   0x000083a8      0x175 CommandDecoder.o
 .debug_macro   0x0000851d       0x40 CommandDecoder.o
 .debug_macro   0x0000855d       0x69 CommandDecoder.o
 .debug_macro   0x000085c6       0x32 CommandDecoder.o
 .debug_macro   0x000085f8       0xe4 CommandDecoder.o
 .debug_macro   0x000086dc       0x20 CommandDecoder.o
 .debug_macro   0x000086fc       0xd6 CommandDecoder.o
 .debug_macro   0x000087d2       0x34 CommandDecoder.o
 .debug_macro   0x00008806      0x2bf CommandDecoder.o
 .debug_macro   0x00008ac5       0x42 CommandDecoder.o
 .debug_macro   0x00008b07       0x10 CommandDecoder.o
 .debug_macro   0x00008b17       0x2e CommandDecoder.o
 .debug_macro   0x00008b45       0x68 CommandDecoder.o
 .debug_macro   0x00008bad       0x2f CommandDecoder.o
 .debug_macro   0x00008bdc      0x154 CommandDecoder.o
 .debug_macro   0x00008d30      0x228 CommandDecoder.o
 .debug_macro   0x00008f58       0xb5 CommandDecoder.o
 .debug_macro   0x0000900d       0xf0 CommandDecoder.o
 .debug_macro   0x000090fd      0x24b CommandDecoder.o
 .debug_macro   0x00009348      0x162 CommandDecoder.o
 .debug_macro   0x000094aa       0x16 CommandDecoder.o
 .debug_macro   0x000094c0       0x1c CommandDecoder.o
 .debug_macro   0x000094dc      0x192 CommandDecoder.o
 .debug_macro   0x0000966e      0x32a main.o
 .debug_macro   0x00009998       0x10 main.o
 .debug_macro   0x000099a8       0x9e main.o
 .debug_macro   0x00009a46      0x166 main.o
 .debug_macro   0x00009bac       0x66 main.o
 .debug_macro   0x00009c12       0x26 main.o
 .debug_macro   0x00009c38       0x10 main.o
 .debug_macro   0x00009c48       0x10 main.o
 .debug_macro   0x00009c58      0x2da Oven.o
 .debug_macro   0x00009f32       0xaa sp_driver.o
 .debug_macro   0x00009fdc       0x16 sp_driver.o
 .debug_macro   0x00009ff2      0x299 src/ASF/common/services/usb/class/cdc/device/udi_cdc.o
 .debug_macro   0x0000a28b       0xaf src/ASF/common/services/usb/class/cdc/device/udi_cdc.o
 .debug_macro   0x0000a33a      0x1f6 src/ASF/common/services/usb/udc/udc.o
 .debug_macro   0x0000a530      0x2ca src/ASF/xmega/drivers/usb/usb_device.o
 .debug_macro   0x0000a7fa      0x46a src/ASF/xmega/drivers/usb/usb_device.o
 .debug_macro   0x0000ac64      0x20a src/ASF/common/services/usb/class/cdc/device/udi_cdc_desc.o
 .debug_macro   0x0000ae6e      0x1a3 src/ASF/common/services/sleepmgr/xmega/sleepmgr.o
 .debug_macro   0x0000b011      0x1e6 src/ASF/common/services/clock/xmega/sysclk.o
 .debug_macro   0x0000b1f7      0x198 src/ASF/xmega/drivers/nvm/nvm.o
OUTPUT(DIYReflowOvenV1.elf elf32-avr)
LOAD linker stubs

.BOOT           0x00020000       0x86
 .BOOT          0x00020000       0x42 sp_drivers.o
                0x00020000                SP_LoadFlashWord
                0x00020008                SP_LoadFlashPage
 .BOOT          0x00020042       0x44 src/ASF/xmega/drivers/nvm/nvm_asm.o
                0x00020042                nvm_common_spm
                0x00020060                nvm_flash_load_word_to_buffer
